// Vitest Snapshot v1, https://vitest.dev/guide/snapshot.html

exports[`basic 1`] = `
<DocumentFragment>
  <a
    href="/login"
  >
    test as string
  </a>
  <a
    href="/login"
  >
    test as fragment
  </a>
  <a
    data-linkylink="true"
    href="/login"
  >
    this text should be in a component that has a href
  </a>
  this text will not be in a component that has a href :sadface:
  <a
    href="/login"
    id="123"
  >
    This anchor should have a href!
  </a>
  this text will not be in a component that has a href :sadface:
  <a
    href="https://invalid.example.com"
    rel="no-opener noreferrer"
  >
    cross origin link
  </a>
</DocumentFragment>
`;
